HF_HOME=/home/ec2-user/.cache/huggingface
Phase1 tokens: off=4096/16384 on=16384/32768 gpt=4096/12288
=== Phase 1 matrix: N=50 seed=42 resume=0 ===
=== Skipping slice rebuild (PHASE1_SKIP_SLICE=1) ===
--- 2026-05-22T19:14:51+00:00 SKIP FP qwen3_4b_bnb thinking=off (50/50 done) ---
--- 2026-05-22T19:14:51+00:00 SKIP TP qwen3_4b_bnb thinking=off (50/50 done) ---
--- 2026-05-22T19:14:51+00:00 SKIP FP qwen3_8b_bnb thinking=off (50/50 done) ---
--- 2026-05-22T19:14:51+00:00 SKIP TP qwen3_8b_bnb thinking=off (50/50 done) ---
--- 2026-05-22T19:14:51+00:00 SKIP FP qwen3_14b_bnb thinking=off (50/50 done) ---
--- 2026-05-22T19:14:51+00:00 SKIP TP qwen3_14b_bnb thinking=off (50/50 done) ---
--- 2026-05-22T19:14:51+00:00 SKIP FP gpt_oss_20b thinking=off (50/50 done) ---
--- 2026-05-22T19:14:51+00:00 SKIP TP gpt_oss_20b thinking=off (50/50 done) ---
--- 2026-05-22T19:14:51+00:00 FP qwen3_coder_30b_bnb thinking=off (0/50) ---
🦥 Unsloth: Will patch your computer to enable 2x faster free finetuning.
Unsloth: Your Flash Attention 2 installation seems to be broken. Using Xformers instead. No performance changes will be seen.
🦥 Unsloth Zoo will now patch everything to make training faster!
[phase1] GPU cleanup after benchmark/phase1_logs/phase1_master.log
[phase1] tokens thinking=off seq=16384 new=4096 profile=qwen3_coder_30b_bnb
[batch] in-process mode: load model once for profile='qwen3_coder_30b_bnb' (50 cases)
[batch] prebuilding task.md for all cases (CPU, no model load)...
[task] BenchmarkTest00072 built
[task] BenchmarkTest00113 built
[task] BenchmarkTest00171 built
[task] BenchmarkTest00186 built
[task] BenchmarkTest00191 built
[task] BenchmarkTest00523 built
[task] BenchmarkTest00657 built
[task] BenchmarkTest00658 built
[task] BenchmarkTest00680 built
[task] BenchmarkTest00689 built
[task] BenchmarkTest00730 built
[task] BenchmarkTest00741 built
[task] BenchmarkTest00854 built
[task] BenchmarkTest00858 built
[task] BenchmarkTest00944 built
[task] BenchmarkTest01022 built
[task] BenchmarkTest01030 built
[task] BenchmarkTest01037 built
[task] BenchmarkTest01048 built
[task] BenchmarkTest01065 built
[task] BenchmarkTest01070 built
[task] BenchmarkTest01219 built
[task] BenchmarkTest01353 built
[task] BenchmarkTest01364 built
[task] BenchmarkTest01440 built
[task] BenchmarkTest01452 built
[task] BenchmarkTest01526 built
[task] BenchmarkTest01600 built
[task] BenchmarkTest01738 built
[task] BenchmarkTest01792 built
[task] BenchmarkTest01924 built
[task] BenchmarkTest01941 built
[task] BenchmarkTest01977 built
[task] BenchmarkTest01986 built
[task] BenchmarkTest02067 built
[task] BenchmarkTest02069 built
[task] BenchmarkTest02095 built
[task] BenchmarkTest02156 built
[task] BenchmarkTest02185 built
[task] BenchmarkTest02247 built
[task] BenchmarkTest02265 built
[task] BenchmarkTest02268 built
[task] BenchmarkTest02296 built
[task] BenchmarkTest02379 built
[task] BenchmarkTest02428 built
[task] BenchmarkTest02518 built
[task] BenchmarkTest02529 built
[task] BenchmarkTest02610 built
[task] BenchmarkTest02659 built
[task] BenchmarkTest02662 built
[prebuild] built=50 cached=0 failed=0 total=50
/home/ec2-user/Projects/SAST/core/gemma3_unsloth_backend.py:10: UserWarning: WARNING: Unsloth should be imported before [transformers] to ensure all optimizations are applied. Your code may run slower or encounter memory issues without these optimizations.

Please restructure your imports with 'import unsloth' at the top of your file.
  import unsloth  # noqa: F401
[skip] BenchmarkTest00072
[skip] BenchmarkTest00113
[skip] BenchmarkTest00171
[skip] BenchmarkTest00186
[skip] BenchmarkTest00191
[skip] BenchmarkTest00523
[skip] BenchmarkTest00657
[skip] BenchmarkTest00658
[skip] BenchmarkTest00680
[skip] BenchmarkTest00689
[skip] BenchmarkTest00730
[skip] BenchmarkTest00741
[skip] BenchmarkTest00854
[skip] BenchmarkTest00858
[skip] BenchmarkTest00944
[skip] BenchmarkTest01022
[skip] BenchmarkTest01030
[skip] BenchmarkTest01037
[skip] BenchmarkTest01048
[skip] BenchmarkTest01065
[skip] BenchmarkTest01070
[skip] BenchmarkTest01219
[skip] BenchmarkTest01353
[skip] BenchmarkTest01364
[skip] BenchmarkTest01440
[skip] BenchmarkTest01452
[skip] BenchmarkTest01526
[skip] BenchmarkTest01600
[skip] BenchmarkTest01738
[skip] BenchmarkTest01792
[skip] BenchmarkTest01924
[skip] BenchmarkTest01941
[skip] BenchmarkTest01977
[skip] BenchmarkTest01986
[skip] BenchmarkTest02067
[skip] BenchmarkTest02069
[skip] BenchmarkTest02095
[skip] BenchmarkTest02156
[skip] BenchmarkTest02185
[skip] BenchmarkTest02247
[skip] BenchmarkTest02265
[skip] BenchmarkTest02268
[skip] BenchmarkTest02296
[skip] BenchmarkTest02379
[skip] BenchmarkTest02428
[skip] BenchmarkTest02518
[skip] BenchmarkTest02529
[skip] BenchmarkTest02610
[skip] BenchmarkTest02659
[skip] BenchmarkTest02662
[cell timing] profile=qwen3_coder_30b_bnb gold=FP wall=1.7s ran=0 skipped=50
🦥 Unsloth: Will patch your computer to enable 2x faster free finetuning.
Unsloth: Your Flash Attention 2 installation seems to be broken. Using Xformers instead. No performance changes will be seen.
🦥 Unsloth Zoo will now patch everything to make training faster!
🦥 Unsloth: Will patch your computer to enable 2x faster free finetuning.
Unsloth: Your Flash Attention 2 installation seems to be broken. Using Xformers instead. No performance changes will be seen.
🦥 Unsloth Zoo will now patch everything to make training faster!
[phase1] GPU cleanup after benchmark/phase1_logs/FP_qwen3_coder_30b_bnb_thinking_off.log
done: fixed=0 still_failed=0
TP   off  qwen3_8b_bnb                    50      17.6m      19.7s     4,373
TP   off  qwen3_14b_bnb                   50      13.3m      16.0s     4,399
TP   off  gpt_oss_20b                     50      13.4s      45.8s     5,028
--- 2026-05-22T19:15:22+00:00 TP qwen3_coder_30b_bnb thinking=off (0/50) ---
🦥 Unsloth: Will patch your computer to enable 2x faster free finetuning.
Unsloth: Your Flash Attention 2 installation seems to be broken. Using Xformers instead. No performance changes will be seen.
🦥 Unsloth Zoo will now patch everything to make training faster!
[phase1] GPU cleanup after benchmark/phase1_logs/phase1_master.log
[phase1] tokens thinking=off seq=16384 new=4096 profile=qwen3_coder_30b_bnb
[batch] in-process mode: load model once for profile='qwen3_coder_30b_bnb' (50 cases)
[batch] prebuilding task.md for all cases (CPU, no model load)...
[task] BenchmarkTest00024 built
[task] BenchmarkTest00173 built
[task] BenchmarkTest00218 built
[task] BenchmarkTest00237 built
[task] BenchmarkTest00303 built
[task] BenchmarkTest00441 built
[task] BenchmarkTest00453 built
[task] BenchmarkTest00497 built
[task] BenchmarkTest00498 built
[task] BenchmarkTest00528 built
[task] BenchmarkTest00560 built
[task] BenchmarkTest00610 built
[task] BenchmarkTest00903 built
[task] BenchmarkTest00981 built
[task] BenchmarkTest01017 built
[task] BenchmarkTest01029 built
[task] BenchmarkTest01107 built
[task] BenchmarkTest01230 built
[task] BenchmarkTest01318 built
[task] BenchmarkTest01329 built
[task] BenchmarkTest01358 built
[task] BenchmarkTest01363 built
[task] BenchmarkTest01398 built
[task] BenchmarkTest01441 built
[task] BenchmarkTest01495 built
[task] BenchmarkTest01609 built
[task] BenchmarkTest01610 built
[task] BenchmarkTest01675 built
[task] BenchmarkTest01718 built
[task] BenchmarkTest01728 built
[task] BenchmarkTest01740 built
[task] BenchmarkTest01789 built
[task] BenchmarkTest01858 built
[task] BenchmarkTest01983 built
[task] BenchmarkTest01987 built
[task] BenchmarkTest01992 built
[task] BenchmarkTest02039 built
[task] BenchmarkTest02099 built
[task] BenchmarkTest02137 built
[task] BenchmarkTest02154 built
[task] BenchmarkTest02155 built
[task] BenchmarkTest02182 built
[task] BenchmarkTest02281 built
[task] BenchmarkTest02400 built
[task] BenchmarkTest02446 built
[task] BenchmarkTest02515 built
[task] BenchmarkTest02517 built
[task] BenchmarkTest02635 built
[task] BenchmarkTest02709 built
[task] BenchmarkTest02710 built
[prebuild] built=50 cached=0 failed=0 total=50
/home/ec2-user/Projects/SAST/core/gemma3_unsloth_backend.py:10: UserWarning: WARNING: Unsloth should be imported before [transformers] to ensure all optimizations are applied. Your code may run slower or encounter memory issues without these optimizations.

Please restructure your imports with 'import unsloth' at the top of your file.
  import unsloth  # noqa: F401
[skip] BenchmarkTest00024
[skip] BenchmarkTest00173
[skip] BenchmarkTest00218
[skip] BenchmarkTest00237
[skip] BenchmarkTest00303
[skip] BenchmarkTest00441
[skip] BenchmarkTest00453
[skip] BenchmarkTest00497
[skip] BenchmarkTest00498
[skip] BenchmarkTest00528
[skip] BenchmarkTest00560
[skip] BenchmarkTest00610
[skip] BenchmarkTest00903
[skip] BenchmarkTest00981
[skip] BenchmarkTest01017
[skip] BenchmarkTest01029
[skip] BenchmarkTest01107
[skip] BenchmarkTest01230
[skip] BenchmarkTest01318
[skip] BenchmarkTest01329
[skip] BenchmarkTest01358
[skip] BenchmarkTest01363
[skip] BenchmarkTest01398
[skip] BenchmarkTest01441
[skip] BenchmarkTest01495
[skip] BenchmarkTest01609
[skip] BenchmarkTest01610
[skip] BenchmarkTest01675
[skip] BenchmarkTest01718
[skip] BenchmarkTest01728
[skip] BenchmarkTest01740
[skip] BenchmarkTest01789
[skip] BenchmarkTest01858
[skip] BenchmarkTest01983
[skip] BenchmarkTest01987
[skip] BenchmarkTest01992
[skip] BenchmarkTest02039
[skip] BenchmarkTest02099
[skip] BenchmarkTest02137
[skip] BenchmarkTest02154
[skip] BenchmarkTest02155
[skip] BenchmarkTest02182
[skip] BenchmarkTest02281
[skip] BenchmarkTest02400
[skip] BenchmarkTest02446
[skip] BenchmarkTest02515
[skip] BenchmarkTest02517
[skip] BenchmarkTest02635
[skip] BenchmarkTest02709
[skip] BenchmarkTest02710
[cell timing] profile=qwen3_coder_30b_bnb gold=TP wall=1.7s ran=0 skipped=50
🦥 Unsloth: Will patch your computer to enable 2x faster free finetuning.
Unsloth: Your Flash Attention 2 installation seems to be broken. Using Xformers instead. No performance changes will be seen.
🦥 Unsloth Zoo will now patch everything to make training faster!
🦥 Unsloth: Will patch your computer to enable 2x faster free finetuning.
Unsloth: Your Flash Attention 2 installation seems to be broken. Using Xformers instead. No performance changes will be seen.
🦥 Unsloth Zoo will now patch everything to make training faster!
[phase1] GPU cleanup after benchmark/phase1_logs/TP_qwen3_coder_30b_bnb_thinking_off.log
done: fixed=0 still_failed=0
TP   off  qwen3_14b_bnb                   50      13.3m      16.0s     4,399
TP   off  gpt_oss_20b                     50      13.4s      45.8s     5,028
TP   off  qwen3_coder_30b_bnb             50       1.7s       0.0s         —
Corpus: /home/ec2-user/Projects/SAST/benchmark/phase1_slices/fp_n50_seed42
Gold label: FP  |  Cases: 50

System                             Acc*    Cov   FPRR     F1  Miss    N
-----------------------------------------------------------------------
CodeQL (no filter)                 0.0% 100.0%   0.0%   0.0%     0   50
SLM (qwen3_4b_bnb)               100.0% 100.0% 100.0% 100.0%     0   50
SLM (qwen3_8b_bnb)               100.0% 100.0% 100.0% 100.0%     0   50
SLM (qwen3_14b_bnb)              100.0% 100.0% 100.0% 100.0%     0   50
SLM (gpt_oss_20b)                 58.0% 100.0%  58.0%  58.0%     0   50
SLM (qwen3_coder_30b_bnb)          0.0%   0.0%   0.0%   0.0%    50   50

Gold=FP. FPRR/VDR and F1 use positive class = gold label.

Wrote FP-runs/phase1_n50/comparison_fp_n50_thinking_off.json
Corpus: /home/ec2-user/Projects/SAST/benchmark/phase1_slices/tp_n50_seed42
Gold label: TP  |  Cases: 50

System                             Acc*    Cov    VDR     F1  Miss    N
-----------------------------------------------------------------------
CodeQL (no filter)               100.0% 100.0% 100.0% 100.0%     0   50
SLM (qwen3_4b_bnb)                62.0% 100.0%  62.0%  62.0%     0   50
SLM (qwen3_8b_bnb)               100.0% 100.0% 100.0% 100.0%     0   50
SLM (qwen3_14b_bnb)               80.0% 100.0%  80.0%  80.0%     0   50
SLM (gpt_oss_20b)                 92.0% 100.0%  92.0%  92.0%     0   50
SLM (qwen3_coder_30b_bnb)          0.0%   0.0%   0.0%   0.0%    50   50

Gold=TP. FPRR/VDR and F1 use positive class = gold label.

Wrote TP-runs/phase1_n50/comparison_tp_n50_thinking_off.json
Wrote FP-runs/phase1_n50/phase1_matrix_thinking_off.json
Profile                         FPRR     VDR     SRS   F1-FP   F1-TP
qwen3_4b_bnb                  100.0%   62.0%   81.0%  100.0%   62.0%
qwen3_8b_bnb                  100.0%  100.0%  100.0%  100.0%  100.0%
qwen3_14b_bnb                 100.0%   80.0%   90.0%  100.0%   80.0%
gpt_oss_20b                    58.0%   92.0%   75.0%   58.0%   92.0%
qwen3_coder_30b_bnb             0.0%    0.0%    0.0%    0.0%    0.0%
--- 2026-05-22T19:15:53+00:00 FP qwen3_4b_bnb thinking=on (0/50) ---
🦥 Unsloth: Will patch your computer to enable 2x faster free finetuning.
Unsloth: Your Flash Attention 2 installation seems to be broken. Using Xformers instead. No performance changes will be seen.
🦥 Unsloth Zoo will now patch everything to make training faster!
[phase1] GPU cleanup after benchmark/phase1_logs/phase1_master.log
[phase1] tokens thinking=on seq=32768 new=16384 profile=qwen3_4b_bnb
[batch] in-process mode: load model once for profile='qwen3_4b_bnb' (50 cases)
[batch] prebuilding task.md for all cases (CPU, no model load)...
[task] BenchmarkTest00072 built
[task] BenchmarkTest00113 built
[task] BenchmarkTest00171 built
[task] BenchmarkTest00186 built
[task] BenchmarkTest00191 built
[task] BenchmarkTest00523 built
[task] BenchmarkTest00657 built
[task] BenchmarkTest00658 built
[task] BenchmarkTest00680 built
[task] BenchmarkTest00689 built
[task] BenchmarkTest00730 built
[task] BenchmarkTest00741 built
[task] BenchmarkTest00854 built
[task] BenchmarkTest00858 built
[task] BenchmarkTest00944 built
[task] BenchmarkTest01022 built
[task] BenchmarkTest01030 built
[task] BenchmarkTest01037 built
[task] BenchmarkTest01048 built
[task] BenchmarkTest01065 built
[task] BenchmarkTest01070 built
[task] BenchmarkTest01219 built
[task] BenchmarkTest01353 built
[task] BenchmarkTest01364 built
[task] BenchmarkTest01440 built
[task] BenchmarkTest01452 built
[task] BenchmarkTest01526 built
[task] BenchmarkTest01600 built
[task] BenchmarkTest01738 built
[task] BenchmarkTest01792 built
[task] BenchmarkTest01924 built
[task] BenchmarkTest01941 built
[task] BenchmarkTest01977 built
[task] BenchmarkTest01986 built
[task] BenchmarkTest02067 built
[task] BenchmarkTest02069 built
[task] BenchmarkTest02095 built
[task] BenchmarkTest02156 built
[task] BenchmarkTest02185 built
[task] BenchmarkTest02247 built
[task] BenchmarkTest02265 built
[task] BenchmarkTest02268 built
[task] BenchmarkTest02296 built
[task] BenchmarkTest02379 built
[task] BenchmarkTest02428 built
[task] BenchmarkTest02518 built
[task] BenchmarkTest02529 built
[task] BenchmarkTest02610 built
[task] BenchmarkTest02659 built
[task] BenchmarkTest02662 built
[prebuild] built=50 cached=0 failed=0 total=50
/home/ec2-user/Projects/SAST/core/gemma3_unsloth_backend.py:10: UserWarning: WARNING: Unsloth should be imported before [transformers] to ensure all optimizations are applied. Your code may run slower or encounter memory issues without these optimizations.

Please restructure your imports with 'import unsloth' at the top of your file.
  import unsloth  # noqa: F401
[skip] BenchmarkTest00072
[skip] BenchmarkTest00113
[skip] BenchmarkTest00171
[skip] BenchmarkTest00186
[skip] BenchmarkTest00191
[skip] BenchmarkTest00523
[skip] BenchmarkTest00657
[skip] BenchmarkTest00658
[skip] BenchmarkTest00680
[skip] BenchmarkTest00689
[skip] BenchmarkTest00730
[skip] BenchmarkTest00741
[skip] BenchmarkTest00854
[skip] BenchmarkTest00858
[skip] BenchmarkTest00944
[skip] BenchmarkTest01022
[skip] BenchmarkTest01030
[skip] BenchmarkTest01037
[skip] BenchmarkTest01048
[skip] BenchmarkTest01065
[skip] BenchmarkTest01070
[skip] BenchmarkTest01219
[skip] BenchmarkTest01353
[skip] BenchmarkTest01364
[skip] BenchmarkTest01440
[skip] BenchmarkTest01452
[skip] BenchmarkTest01526
[skip] BenchmarkTest01600
[skip] BenchmarkTest01738
[skip] BenchmarkTest01792
[skip] BenchmarkTest01924
[skip] BenchmarkTest01941
[skip] BenchmarkTest01977
[skip] BenchmarkTest01986
[skip] BenchmarkTest02067
[skip] BenchmarkTest02069
[skip] BenchmarkTest02095
[skip] BenchmarkTest02156
[skip] BenchmarkTest02185
[skip] BenchmarkTest02247
[skip] BenchmarkTest02265
[skip] BenchmarkTest02268
[skip] BenchmarkTest02296
[skip] BenchmarkTest02379
[skip] BenchmarkTest02428
[skip] BenchmarkTest02518
[skip] BenchmarkTest02529
[skip] BenchmarkTest02610
[skip] BenchmarkTest02659
[skip] BenchmarkTest02662
[cell timing] profile=qwen3_4b_bnb gold=FP wall=1.7s ran=0 skipped=50
🦥 Unsloth: Will patch your computer to enable 2x faster free finetuning.
Unsloth: Your Flash Attention 2 installation seems to be broken. Using Xformers instead. No performance changes will be seen.
🦥 Unsloth Zoo will now patch everything to make training faster!
🦥 Unsloth: Will patch your computer to enable 2x faster free finetuning.
Unsloth: Your Flash Attention 2 installation seems to be broken. Using Xformers instead. No performance changes will be seen.
🦥 Unsloth Zoo will now patch everything to make training faster!
[phase1] GPU cleanup after benchmark/phase1_logs/FP_qwen3_4b_bnb_thinking_on.log
done: fixed=0 still_failed=0
TP   off  qwen3_14b_bnb                   50      13.3m      16.0s     4,399
TP   off  gpt_oss_20b                     50      13.4s      45.8s     5,028
TP   off  qwen3_coder_30b_bnb             50       1.7s       0.0s         —
--- 2026-05-22T19:16:25+00:00 TP qwen3_4b_bnb thinking=on (0/50) ---
🦥 Unsloth: Will patch your computer to enable 2x faster free finetuning.
Unsloth: Your Flash Attention 2 installation seems to be broken. Using Xformers instead. No performance changes will be seen.
🦥 Unsloth Zoo will now patch everything to make training faster!
[phase1] GPU cleanup after benchmark/phase1_logs/phase1_master.log
[phase1] tokens thinking=on seq=32768 new=16384 profile=qwen3_4b_bnb
[batch] in-process mode: load model once for profile='qwen3_4b_bnb' (50 cases)
[batch] prebuilding task.md for all cases (CPU, no model load)...
[task] BenchmarkTest00024 built
[task] BenchmarkTest00173 built
[task] BenchmarkTest00218 built
[task] BenchmarkTest00237 built
[task] BenchmarkTest00303 built
[task] BenchmarkTest00441 built
[task] BenchmarkTest00453 built
[task] BenchmarkTest00497 built
[task] BenchmarkTest00498 built
[task] BenchmarkTest00528 built
[task] BenchmarkTest00560 built
[task] BenchmarkTest00610 built
[task] BenchmarkTest00903 built
[task] BenchmarkTest00981 built
[task] BenchmarkTest01017 built
[task] BenchmarkTest01029 built
[task] BenchmarkTest01107 built
[task] BenchmarkTest01230 built
[task] BenchmarkTest01318 built
[task] BenchmarkTest01329 built
[task] BenchmarkTest01358 built
[task] BenchmarkTest01363 built
[task] BenchmarkTest01398 built
[task] BenchmarkTest01441 built
[task] BenchmarkTest01495 built
[task] BenchmarkTest01609 built
[task] BenchmarkTest01610 built
[task] BenchmarkTest01675 built
[task] BenchmarkTest01718 built
[task] BenchmarkTest01728 built
[task] BenchmarkTest01740 built
[task] BenchmarkTest01789 built
[task] BenchmarkTest01858 built
[task] BenchmarkTest01983 built
[task] BenchmarkTest01987 built
[task] BenchmarkTest01992 built
[task] BenchmarkTest02039 built
[task] BenchmarkTest02099 built
[task] BenchmarkTest02137 built
[task] BenchmarkTest02154 built
[task] BenchmarkTest02155 built
[task] BenchmarkTest02182 built
[task] BenchmarkTest02281 built
[task] BenchmarkTest02400 built
[task] BenchmarkTest02446 built
[task] BenchmarkTest02515 built
[task] BenchmarkTest02517 built
[task] BenchmarkTest02635 built
[task] BenchmarkTest02709 built
[task] BenchmarkTest02710 built
[prebuild] built=50 cached=0 failed=0 total=50
/home/ec2-user/Projects/SAST/core/gemma3_unsloth_backend.py:10: UserWarning: WARNING: Unsloth should be imported before [transformers] to ensure all optimizations are applied. Your code may run slower or encounter memory issues without these optimizations.

Please restructure your imports with 'import unsloth' at the top of your file.
  import unsloth  # noqa: F401
[skip] BenchmarkTest00024
[skip] BenchmarkTest00173
[skip] BenchmarkTest00218
[skip] BenchmarkTest00237
[skip] BenchmarkTest00303
[skip] BenchmarkTest00441
[skip] BenchmarkTest00453
[skip] BenchmarkTest00497
[skip] BenchmarkTest00498
[skip] BenchmarkTest00528
[skip] BenchmarkTest00560
[skip] BenchmarkTest00610
[skip] BenchmarkTest00903
[skip] BenchmarkTest00981
[skip] BenchmarkTest01017
[skip] BenchmarkTest01029
[skip] BenchmarkTest01107
[skip] BenchmarkTest01230
[skip] BenchmarkTest01318
[skip] BenchmarkTest01329
[skip] BenchmarkTest01358
[skip] BenchmarkTest01363
[skip] BenchmarkTest01398
[skip] BenchmarkTest01441
[skip] BenchmarkTest01495
[skip] BenchmarkTest01609
[skip] BenchmarkTest01610
[skip] BenchmarkTest01675
[skip] BenchmarkTest01718
[skip] BenchmarkTest01728
[skip] BenchmarkTest01740
[skip] BenchmarkTest01789
[skip] BenchmarkTest01858
[skip] BenchmarkTest01983
[skip] BenchmarkTest01987
[skip] BenchmarkTest01992
[skip] BenchmarkTest02039
[skip] BenchmarkTest02099
[skip] BenchmarkTest02137
[skip] BenchmarkTest02154
[skip] BenchmarkTest02155
[skip] BenchmarkTest02182
[skip] BenchmarkTest02281
[skip] BenchmarkTest02400
[skip] BenchmarkTest02446
[skip] BenchmarkTest02515
[skip] BenchmarkTest02517
[skip] BenchmarkTest02635
[skip] BenchmarkTest02709
[skip] BenchmarkTest02710
[cell timing] profile=qwen3_4b_bnb gold=TP wall=1.7s ran=0 skipped=50
🦥 Unsloth: Will patch your computer to enable 2x faster free finetuning.
Unsloth: Your Flash Attention 2 installation seems to be broken. Using Xformers instead. No performance changes will be seen.
🦥 Unsloth Zoo will now patch everything to make training faster!
🦥 Unsloth: Will patch your computer to enable 2x faster free finetuning.
Unsloth: Your Flash Attention 2 installation seems to be broken. Using Xformers instead. No performance changes will be seen.
🦥 Unsloth Zoo will now patch everything to make training faster!
[phase1] GPU cleanup after benchmark/phase1_logs/TP_qwen3_4b_bnb_thinking_on.log
done: fixed=0 still_failed=0
TP   off  gpt_oss_20b                     50      13.4s      45.8s     5,028
TP   off  qwen3_coder_30b_bnb             50       1.7s       0.0s         —
TP   on   qwen3_4b_bnb                    50       1.7s       0.0s         —
--- 2026-05-22T19:16:56+00:00 FP qwen3_8b_bnb thinking=on (0/50) ---
🦥 Unsloth: Will patch your computer to enable 2x faster free finetuning.
Unsloth: Your Flash Attention 2 installation seems to be broken. Using Xformers instead. No performance changes will be seen.
🦥 Unsloth Zoo will now patch everything to make training faster!
[phase1] GPU cleanup after benchmark/phase1_logs/phase1_master.log
[phase1] tokens thinking=on seq=32768 new=16384 profile=qwen3_8b_bnb
[batch] in-process mode: load model once for profile='qwen3_8b_bnb' (50 cases)
[batch] prebuilding task.md for all cases (CPU, no model load)...
[task] BenchmarkTest00072 built
[task] BenchmarkTest00113 built
[task] BenchmarkTest00171 built
[task] BenchmarkTest00186 built
[task] BenchmarkTest00191 built
[task] BenchmarkTest00523 built
[task] BenchmarkTest00657 built
[task] BenchmarkTest00658 built
[task] BenchmarkTest00680 built
[task] BenchmarkTest00689 built
[task] BenchmarkTest00730 built
[task] BenchmarkTest00741 built
[task] BenchmarkTest00854 built
[task] BenchmarkTest00858 built
[task] BenchmarkTest00944 built
[task] BenchmarkTest01022 built
[task] BenchmarkTest01030 built
[task] BenchmarkTest01037 built
[task] BenchmarkTest01048 built
[task] BenchmarkTest01065 built
[task] BenchmarkTest01070 built
[task] BenchmarkTest01219 built
[task] BenchmarkTest01353 built
[task] BenchmarkTest01364 built
[task] BenchmarkTest01440 built
[task] BenchmarkTest01452 built
[task] BenchmarkTest01526 built
[task] BenchmarkTest01600 built
[task] BenchmarkTest01738 built
[task] BenchmarkTest01792 built
[task] BenchmarkTest01924 built
[task] BenchmarkTest01941 built
[task] BenchmarkTest01977 built
[task] BenchmarkTest01986 built
[task] BenchmarkTest02067 built
[task] BenchmarkTest02069 built
[task] BenchmarkTest02095 built
[task] BenchmarkTest02156 built
[task] BenchmarkTest02185 built
[task] BenchmarkTest02247 built
[task] BenchmarkTest02265 built
[task] BenchmarkTest02268 built
[task] BenchmarkTest02296 built
[task] BenchmarkTest02379 built
[task] BenchmarkTest02428 built
[task] BenchmarkTest02518 built
[task] BenchmarkTest02529 built
[task] BenchmarkTest02610 built
[task] BenchmarkTest02659 built
[task] BenchmarkTest02662 built
[prebuild] built=50 cached=0 failed=0 total=50
/home/ec2-user/Projects/SAST/core/gemma3_unsloth_backend.py:10: UserWarning: WARNING: Unsloth should be imported before [transformers] to ensure all optimizations are applied. Your code may run slower or encounter memory issues without these optimizations.

Please restructure your imports with 'import unsloth' at the top of your file.
  import unsloth  # noqa: F401
[skip] BenchmarkTest00072
[skip] BenchmarkTest00113
[skip] BenchmarkTest00171
[skip] BenchmarkTest00186
[skip] BenchmarkTest00191
[skip] BenchmarkTest00523
[skip] BenchmarkTest00657
[skip] BenchmarkTest00658
[skip] BenchmarkTest00680
[skip] BenchmarkTest00689
[skip] BenchmarkTest00730
[skip] BenchmarkTest00741
[skip] BenchmarkTest00854
[skip] BenchmarkTest00858
[skip] BenchmarkTest00944
[skip] BenchmarkTest01022
[skip] BenchmarkTest01030
[skip] BenchmarkTest01037
[skip] BenchmarkTest01048
[skip] BenchmarkTest01065
[skip] BenchmarkTest01070
[skip] BenchmarkTest01219
[skip] BenchmarkTest01353
[skip] BenchmarkTest01364
[skip] BenchmarkTest01440
[skip] BenchmarkTest01452
[skip] BenchmarkTest01526
[skip] BenchmarkTest01600
[skip] BenchmarkTest01738
[skip] BenchmarkTest01792
[skip] BenchmarkTest01924
[skip] BenchmarkTest01941
[skip] BenchmarkTest01977
[skip] BenchmarkTest01986
[skip] BenchmarkTest02067
[skip] BenchmarkTest02069
[skip] BenchmarkTest02095
[skip] BenchmarkTest02156
[skip] BenchmarkTest02185
[skip] BenchmarkTest02247
[skip] BenchmarkTest02265
[skip] BenchmarkTest02268
[skip] BenchmarkTest02296
[skip] BenchmarkTest02379
[skip] BenchmarkTest02428
[skip] BenchmarkTest02518
[skip] BenchmarkTest02529
[skip] BenchmarkTest02610
[skip] BenchmarkTest02659
[skip] BenchmarkTest02662
[cell timing] profile=qwen3_8b_bnb gold=FP wall=1.7s ran=0 skipped=50
🦥 Unsloth: Will patch your computer to enable 2x faster free finetuning.
Unsloth: Your Flash Attention 2 installation seems to be broken. Using Xformers instead. No performance changes will be seen.
🦥 Unsloth Zoo will now patch everything to make training faster!
🦥 Unsloth: Will patch your computer to enable 2x faster free finetuning.
Unsloth: Your Flash Attention 2 installation seems to be broken. Using Xformers instead. No performance changes will be seen.
🦥 Unsloth Zoo will now patch everything to make training faster!
[phase1] GPU cleanup after benchmark/phase1_logs/FP_qwen3_8b_bnb_thinking_on.log
done: fixed=0 still_failed=0
TP   off  gpt_oss_20b                     50      13.4s      45.8s     5,028
TP   off  qwen3_coder_30b_bnb             50       1.7s       0.0s         —
TP   on   qwen3_4b_bnb                    50       1.7s       0.0s         —
--- 2026-05-22T19:17:27+00:00 TP qwen3_8b_bnb thinking=on (0/50) ---
🦥 Unsloth: Will patch your computer to enable 2x faster free finetuning.
Unsloth: Your Flash Attention 2 installation seems to be broken. Using Xformers instead. No performance changes will be seen.
🦥 Unsloth Zoo will now patch everything to make training faster!
[phase1] GPU cleanup after benchmark/phase1_logs/phase1_master.log
[phase1] tokens thinking=on seq=32768 new=16384 profile=qwen3_8b_bnb
[batch] in-process mode: load model once for profile='qwen3_8b_bnb' (50 cases)
[batch] prebuilding task.md for all cases (CPU, no model load)...
[task] BenchmarkTest00024 built
[task] BenchmarkTest00173 built
[task] BenchmarkTest00218 built
[task] BenchmarkTest00237 built
[task] BenchmarkTest00303 built
[task] BenchmarkTest00441 built
[task] BenchmarkTest00453 built
[task] BenchmarkTest00497 built
[task] BenchmarkTest00498 built
[task] BenchmarkTest00528 built
[task] BenchmarkTest00560 built
[task] BenchmarkTest00610 built
[task] BenchmarkTest00903 built
[task] BenchmarkTest00981 built
[task] BenchmarkTest01017 built
[task] BenchmarkTest01029 built
[task] BenchmarkTest01107 built
[task] BenchmarkTest01230 built
[task] BenchmarkTest01318 built
[task] BenchmarkTest01329 built
[task] BenchmarkTest01358 built
[task] BenchmarkTest01363 built
[task] BenchmarkTest01398 built
[task] BenchmarkTest01441 built
[task] BenchmarkTest01495 built
[task] BenchmarkTest01609 built
[task] BenchmarkTest01610 built
[task] BenchmarkTest01675 built
[task] BenchmarkTest01718 built
[task] BenchmarkTest01728 built
[task] BenchmarkTest01740 built
[task] BenchmarkTest01789 built
[task] BenchmarkTest01858 built
[task] BenchmarkTest01983 built
[task] BenchmarkTest01987 built
[task] BenchmarkTest01992 built
[task] BenchmarkTest02039 built
[task] BenchmarkTest02099 built
[task] BenchmarkTest02137 built
[task] BenchmarkTest02154 built
[task] BenchmarkTest02155 built
[task] BenchmarkTest02182 built
[task] BenchmarkTest02281 built
[task] BenchmarkTest02400 built
[task] BenchmarkTest02446 built
[task] BenchmarkTest02515 built
[task] BenchmarkTest02517 built
[task] BenchmarkTest02635 built
[task] BenchmarkTest02709 built
[task] BenchmarkTest02710 built
[prebuild] built=50 cached=0 failed=0 total=50
/home/ec2-user/Projects/SAST/core/gemma3_unsloth_backend.py:10: UserWarning: WARNING: Unsloth should be imported before [transformers] to ensure all optimizations are applied. Your code may run slower or encounter memory issues without these optimizations.

Please restructure your imports with 'import unsloth' at the top of your file.
  import unsloth  # noqa: F401
[skip] BenchmarkTest00024
[skip] BenchmarkTest00173
[skip] BenchmarkTest00218
[skip] BenchmarkTest00237
[skip] BenchmarkTest00303
[skip] BenchmarkTest00441
[skip] BenchmarkTest00453
[skip] BenchmarkTest00497
[skip] BenchmarkTest00498
[skip] BenchmarkTest00528
[skip] BenchmarkTest00560
[skip] BenchmarkTest00610
[skip] BenchmarkTest00903
[skip] BenchmarkTest00981
[skip] BenchmarkTest01017
[skip] BenchmarkTest01029
[skip] BenchmarkTest01107
[skip] BenchmarkTest01230
[skip] BenchmarkTest01318
[skip] BenchmarkTest01329
[skip] BenchmarkTest01358
[skip] BenchmarkTest01363
[skip] BenchmarkTest01398
[skip] BenchmarkTest01441
[skip] BenchmarkTest01495
[skip] BenchmarkTest01609
[skip] BenchmarkTest01610
[skip] BenchmarkTest01675
[skip] BenchmarkTest01718
[skip] BenchmarkTest01728
[skip] BenchmarkTest01740
[skip] BenchmarkTest01789
[skip] BenchmarkTest01858
[skip] BenchmarkTest01983
[skip] BenchmarkTest01987
[skip] BenchmarkTest01992
[skip] BenchmarkTest02039
[skip] BenchmarkTest02099
[skip] BenchmarkTest02137
[skip] BenchmarkTest02154
[skip] BenchmarkTest02155
[skip] BenchmarkTest02182
[skip] BenchmarkTest02281
[skip] BenchmarkTest02400
[skip] BenchmarkTest02446
[skip] BenchmarkTest02515
[skip] BenchmarkTest02517
[skip] BenchmarkTest02635
[skip] BenchmarkTest02709
[skip] BenchmarkTest02710
[cell timing] profile=qwen3_8b_bnb gold=TP wall=1.7s ran=0 skipped=50
🦥 Unsloth: Will patch your computer to enable 2x faster free finetuning.
Unsloth: Your Flash Attention 2 installation seems to be broken. Using Xformers instead. No performance changes will be seen.
🦥 Unsloth Zoo will now patch everything to make training faster!
🦥 Unsloth: Will patch your computer to enable 2x faster free finetuning.
Unsloth: Your Flash Attention 2 installation seems to be broken. Using Xformers instead. No performance changes will be seen.
🦥 Unsloth Zoo will now patch everything to make training faster!
[phase1] GPU cleanup after benchmark/phase1_logs/TP_qwen3_8b_bnb_thinking_on.log
done: fixed=0 still_failed=0
TP   off  qwen3_coder_30b_bnb             50       1.7s       0.0s         —
TP   on   qwen3_4b_bnb                    50       1.7s       0.0s         —
TP   on   qwen3_8b_bnb                    50       1.7s       0.0s         —
--- 2026-05-22T19:17:58+00:00 FP qwen3_14b_bnb thinking=on (0/50) ---
🦥 Unsloth: Will patch your computer to enable 2x faster free finetuning.
Unsloth: Your Flash Attention 2 installation seems to be broken. Using Xformers instead. No performance changes will be seen.
🦥 Unsloth Zoo will now patch everything to make training faster!
[phase1] GPU cleanup after benchmark/phase1_logs/phase1_master.log
[phase1] tokens thinking=on seq=32768 new=16384 profile=qwen3_14b_bnb
[batch] in-process mode: load model once for profile='qwen3_14b_bnb' (50 cases)
[batch] prebuilding task.md for all cases (CPU, no model load)...
[task] BenchmarkTest00072 built
[task] BenchmarkTest00113 built
[task] BenchmarkTest00171 built
[task] BenchmarkTest00186 built
[task] BenchmarkTest00191 built
[task] BenchmarkTest00523 built
[task] BenchmarkTest00657 built
[task] BenchmarkTest00658 built
[task] BenchmarkTest00680 built
[task] BenchmarkTest00689 built
[task] BenchmarkTest00730 built
[task] BenchmarkTest00741 built
[task] BenchmarkTest00854 built
[task] BenchmarkTest00858 built
[task] BenchmarkTest00944 built
[task] BenchmarkTest01022 built
[task] BenchmarkTest01030 built
[task] BenchmarkTest01037 built
[task] BenchmarkTest01048 built
[task] BenchmarkTest01065 built
[task] BenchmarkTest01070 built
[task] BenchmarkTest01219 built
[task] BenchmarkTest01353 built
[task] BenchmarkTest01364 built
[task] BenchmarkTest01440 built
[task] BenchmarkTest01452 built
[task] BenchmarkTest01526 built
[task] BenchmarkTest01600 built
[task] BenchmarkTest01738 built
[task] BenchmarkTest01792 built
[task] BenchmarkTest01924 built
[task] BenchmarkTest01941 built
[task] BenchmarkTest01977 built
[task] BenchmarkTest01986 built
[task] BenchmarkTest02067 built
[task] BenchmarkTest02069 built
[task] BenchmarkTest02095 built
[task] BenchmarkTest02156 built
[task] BenchmarkTest02185 built
[task] BenchmarkTest02247 built
[task] BenchmarkTest02265 built
[task] BenchmarkTest02268 built
[task] BenchmarkTest02296 built
[task] BenchmarkTest02379 built
[task] BenchmarkTest02428 built
[task] BenchmarkTest02518 built
[task] BenchmarkTest02529 built
[task] BenchmarkTest02610 built
[task] BenchmarkTest02659 built
[task] BenchmarkTest02662 built
[prebuild] built=50 cached=0 failed=0 total=50
/home/ec2-user/Projects/SAST/core/gemma3_unsloth_backend.py:10: UserWarning: WARNING: Unsloth should be imported before [transformers] to ensure all optimizations are applied. Your code may run slower or encounter memory issues without these optimizations.

Please restructure your imports with 'import unsloth' at the top of your file.
  import unsloth  # noqa: F401
[skip] BenchmarkTest00072
[skip] BenchmarkTest00113
[skip] BenchmarkTest00171
[skip] BenchmarkTest00186
[skip] BenchmarkTest00191
[skip] BenchmarkTest00523
[skip] BenchmarkTest00657
[skip] BenchmarkTest00658
[skip] BenchmarkTest00680
[skip] BenchmarkTest00689
[skip] BenchmarkTest00730
[skip] BenchmarkTest00741
[skip] BenchmarkTest00854
[skip] BenchmarkTest00858
[skip] BenchmarkTest00944
[skip] BenchmarkTest01022
[skip] BenchmarkTest01030
[skip] BenchmarkTest01037
[skip] BenchmarkTest01048
[skip] BenchmarkTest01065
[skip] BenchmarkTest01070
[skip] BenchmarkTest01219
[skip] BenchmarkTest01353
[skip] BenchmarkTest01364
[skip] BenchmarkTest01440
[skip] BenchmarkTest01452
[skip] BenchmarkTest01526
[skip] BenchmarkTest01600
[skip] BenchmarkTest01738
[skip] BenchmarkTest01792
[skip] BenchmarkTest01924
[skip] BenchmarkTest01941
[skip] BenchmarkTest01977
[skip] BenchmarkTest01986
[skip] BenchmarkTest02067
[skip] BenchmarkTest02069
[skip] BenchmarkTest02095
[skip] BenchmarkTest02156
[skip] BenchmarkTest02185
[skip] BenchmarkTest02247
[skip] BenchmarkTest02265
[skip] BenchmarkTest02268
[skip] BenchmarkTest02296
[skip] BenchmarkTest02379
[skip] BenchmarkTest02428
[skip] BenchmarkTest02518
[skip] BenchmarkTest02529
[skip] BenchmarkTest02610
[skip] BenchmarkTest02659
[skip] BenchmarkTest02662
[cell timing] profile=qwen3_14b_bnb gold=FP wall=1.7s ran=0 skipped=50
🦥 Unsloth: Will patch your computer to enable 2x faster free finetuning.
Unsloth: Your Flash Attention 2 installation seems to be broken. Using Xformers instead. No performance changes will be seen.
🦥 Unsloth Zoo will now patch everything to make training faster!
🦥 Unsloth: Will patch your computer to enable 2x faster free finetuning.
Unsloth: Your Flash Attention 2 installation seems to be broken. Using Xformers instead. No performance changes will be seen.
🦥 Unsloth Zoo will now patch everything to make training faster!
[phase1] GPU cleanup after benchmark/phase1_logs/FP_qwen3_14b_bnb_thinking_on.log
done: fixed=0 still_failed=0
TP   off  qwen3_coder_30b_bnb             50       1.7s       0.0s         —
TP   on   qwen3_4b_bnb                    50       1.7s       0.0s         —
TP   on   qwen3_8b_bnb                    50       1.7s       0.0s         —
--- 2026-05-22T19:18:30+00:00 TP qwen3_14b_bnb thinking=on (0/50) ---
🦥 Unsloth: Will patch your computer to enable 2x faster free finetuning.
Unsloth: Your Flash Attention 2 installation seems to be broken. Using Xformers instead. No performance changes will be seen.
🦥 Unsloth Zoo will now patch everything to make training faster!
[phase1] GPU cleanup after benchmark/phase1_logs/phase1_master.log
[phase1] tokens thinking=on seq=32768 new=16384 profile=qwen3_14b_bnb
[batch] in-process mode: load model once for profile='qwen3_14b_bnb' (50 cases)
[batch] prebuilding task.md for all cases (CPU, no model load)...
[task] BenchmarkTest00024 built
[task] BenchmarkTest00173 built
[task] BenchmarkTest00218 built
[task] BenchmarkTest00237 built
[task] BenchmarkTest00303 built
[task] BenchmarkTest00441 built
[task] BenchmarkTest00453 built
[task] BenchmarkTest00497 built
[task] BenchmarkTest00498 built
[task] BenchmarkTest00528 built
[task] BenchmarkTest00560 built
[task] BenchmarkTest00610 built
[task] BenchmarkTest00903 built
[task] BenchmarkTest00981 built
[task] BenchmarkTest01017 built
[task] BenchmarkTest01029 built
[task] BenchmarkTest01107 built
[task] BenchmarkTest01230 built
[task] BenchmarkTest01318 built
[task] BenchmarkTest01329 built
[task] BenchmarkTest01358 built
[task] BenchmarkTest01363 built
[task] BenchmarkTest01398 built
[task] BenchmarkTest01441 built
[task] BenchmarkTest01495 built
[task] BenchmarkTest01609 built
[task] BenchmarkTest01610 built
[task] BenchmarkTest01675 built
[task] BenchmarkTest01718 built
[task] BenchmarkTest01728 built
[task] BenchmarkTest01740 built
[task] BenchmarkTest01789 built
[task] BenchmarkTest01858 built
[task] BenchmarkTest01983 built
[task] BenchmarkTest01987 built
[task] BenchmarkTest01992 built
[task] BenchmarkTest02039 built
[task] BenchmarkTest02099 built
[task] BenchmarkTest02137 built
[task] BenchmarkTest02154 built
[task] BenchmarkTest02155 built
[task] BenchmarkTest02182 built
[task] BenchmarkTest02281 built
[task] BenchmarkTest02400 built
[task] BenchmarkTest02446 built
[task] BenchmarkTest02515 built
[task] BenchmarkTest02517 built
[task] BenchmarkTest02635 built
[task] BenchmarkTest02709 built
[task] BenchmarkTest02710 built
[prebuild] built=50 cached=0 failed=0 total=50
/home/ec2-user/Projects/SAST/core/gemma3_unsloth_backend.py:10: UserWarning: WARNING: Unsloth should be imported before [transformers] to ensure all optimizations are applied. Your code may run slower or encounter memory issues without these optimizations.

Please restructure your imports with 'import unsloth' at the top of your file.
  import unsloth  # noqa: F401
[skip] BenchmarkTest00024
[skip] BenchmarkTest00173
[skip] BenchmarkTest00218
[skip] BenchmarkTest00237
[skip] BenchmarkTest00303
[skip] BenchmarkTest00441
[skip] BenchmarkTest00453
[skip] BenchmarkTest00497
[skip] BenchmarkTest00498
[skip] BenchmarkTest00528
[skip] BenchmarkTest00560
[skip] BenchmarkTest00610
[skip] BenchmarkTest00903
[skip] BenchmarkTest00981
[skip] BenchmarkTest01017
[skip] BenchmarkTest01029
[skip] BenchmarkTest01107
[skip] BenchmarkTest01230
[skip] BenchmarkTest01318
[skip] BenchmarkTest01329
[skip] BenchmarkTest01358
[skip] BenchmarkTest01363
[skip] BenchmarkTest01398
[skip] BenchmarkTest01441
[skip] BenchmarkTest01495
[skip] BenchmarkTest01609
[skip] BenchmarkTest01610
[skip] BenchmarkTest01675
[skip] BenchmarkTest01718
[skip] BenchmarkTest01728
[skip] BenchmarkTest01740
[skip] BenchmarkTest01789
[skip] BenchmarkTest01858
[skip] BenchmarkTest01983
[skip] BenchmarkTest01987
[skip] BenchmarkTest01992
[skip] BenchmarkTest02039
[skip] BenchmarkTest02099
[skip] BenchmarkTest02137
[skip] BenchmarkTest02154
[skip] BenchmarkTest02155
[skip] BenchmarkTest02182
[skip] BenchmarkTest02281
[skip] BenchmarkTest02400
[skip] BenchmarkTest02446
[skip] BenchmarkTest02515
[skip] BenchmarkTest02517
[skip] BenchmarkTest02635
[skip] BenchmarkTest02709
[skip] BenchmarkTest02710
[cell timing] profile=qwen3_14b_bnb gold=TP wall=1.7s ran=0 skipped=50
🦥 Unsloth: Will patch your computer to enable 2x faster free finetuning.
Unsloth: Your Flash Attention 2 installation seems to be broken. Using Xformers instead. No performance changes will be seen.
🦥 Unsloth Zoo will now patch everything to make training faster!
🦥 Unsloth: Will patch your computer to enable 2x faster free finetuning.
Unsloth: Your Flash Attention 2 installation seems to be broken. Using Xformers instead. No performance changes will be seen.
🦥 Unsloth Zoo will now patch everything to make training faster!
[phase1] GPU cleanup after benchmark/phase1_logs/TP_qwen3_14b_bnb_thinking_on.log
done: fixed=0 still_failed=0
TP   on   qwen3_4b_bnb                    50       1.7s       0.0s         —
TP   on   qwen3_8b_bnb                    50       1.7s       0.0s         —
TP   on   qwen3_14b_bnb                   50       1.7s       0.0s         —
--- 2026-05-22T19:19:01+00:00 FP gpt_oss_20b thinking=on (0/50) ---
🦥 Unsloth: Will patch your computer to enable 2x faster free finetuning.
Unsloth: Your Flash Attention 2 installation seems to be broken. Using Xformers instead. No performance changes will be seen.
🦥 Unsloth Zoo will now patch everything to make training faster!
[phase1] GPU cleanup after benchmark/phase1_logs/phase1_master.log
[phase1] tokens thinking=on seq=32768 new=2048 profile=gpt_oss_20b
[batch] in-process mode: load model once for profile='gpt_oss_20b' (50 cases)
[batch] prebuilding task.md for all cases (CPU, no model load)...
[task] BenchmarkTest00072 built
[task] BenchmarkTest00113 built
[task] BenchmarkTest00171 built
[task] BenchmarkTest00186 built
[task] BenchmarkTest00191 built
[task] BenchmarkTest00523 built
[task] BenchmarkTest00657 built
[task] BenchmarkTest00658 built
[task] BenchmarkTest00680 built
[task] BenchmarkTest00689 built
[task] BenchmarkTest00730 built
[task] BenchmarkTest00741 built
[task] BenchmarkTest00854 built
[task] BenchmarkTest00858 built
[task] BenchmarkTest00944 built
[task] BenchmarkTest01022 built
[task] BenchmarkTest01030 built
[task] BenchmarkTest01037 built
[task] BenchmarkTest01048 built
[task] BenchmarkTest01065 built
[task] BenchmarkTest01070 built
[task] BenchmarkTest01219 built
[task] BenchmarkTest01353 built
[task] BenchmarkTest01364 built
[task] BenchmarkTest01440 built
[task] BenchmarkTest01452 built
[task] BenchmarkTest01526 built
[task] BenchmarkTest01600 built
[task] BenchmarkTest01738 built
[task] BenchmarkTest01792 built
[task] BenchmarkTest01924 built
[task] BenchmarkTest01941 built
[task] BenchmarkTest01977 built
[task] BenchmarkTest01986 built
[task] BenchmarkTest02067 built
[task] BenchmarkTest02069 built
[task] BenchmarkTest02095 built
[task] BenchmarkTest02156 built
[task] BenchmarkTest02185 built
[task] BenchmarkTest02247 built
[task] BenchmarkTest02265 built
[task] BenchmarkTest02268 built
[task] BenchmarkTest02296 built
[task] BenchmarkTest02379 built
[task] BenchmarkTest02428 built
[task] BenchmarkTest02518 built
[task] BenchmarkTest02529 built
[task] BenchmarkTest02610 built
[task] BenchmarkTest02659 built
[task] BenchmarkTest02662 built
[prebuild] built=50 cached=0 failed=0 total=50
/home/ec2-user/Projects/SAST/core/gemma3_unsloth_backend.py:10: UserWarning: WARNING: Unsloth should be imported before [transformers] to ensure all optimizations are applied. Your code may run slower or encounter memory issues without these optimizations.

Please restructure your imports with 'import unsloth' at the top of your file.
  import unsloth  # noqa: F401
[skip] BenchmarkTest00072
[skip] BenchmarkTest00113
[skip] BenchmarkTest00171
[skip] BenchmarkTest00186
[skip] BenchmarkTest00191
[skip] BenchmarkTest00523
[skip] BenchmarkTest00657
[skip] BenchmarkTest00658
[skip] BenchmarkTest00680
[skip] BenchmarkTest00689
[skip] BenchmarkTest00730
[skip] BenchmarkTest00741
[skip] BenchmarkTest00854
[skip] BenchmarkTest00858
[skip] BenchmarkTest00944
[skip] BenchmarkTest01022
[skip] BenchmarkTest01030
[skip] BenchmarkTest01037
[skip] BenchmarkTest01048
[skip] BenchmarkTest01065
[skip] BenchmarkTest01070
[skip] BenchmarkTest01219
[skip] BenchmarkTest01353
[skip] BenchmarkTest01364
[skip] BenchmarkTest01440
[skip] BenchmarkTest01452
[skip] BenchmarkTest01526
[skip] BenchmarkTest01600
[skip] BenchmarkTest01738
[skip] BenchmarkTest01792
[skip] BenchmarkTest01924
[skip] BenchmarkTest01941
[skip] BenchmarkTest01977
[skip] BenchmarkTest01986
[skip] BenchmarkTest02067
[skip] BenchmarkTest02069
[skip] BenchmarkTest02095
[skip] BenchmarkTest02156
[skip] BenchmarkTest02185
[skip] BenchmarkTest02247
[skip] BenchmarkTest02265
[skip] BenchmarkTest02268
[skip] BenchmarkTest02296
[skip] BenchmarkTest02379
[skip] BenchmarkTest02428
[skip] BenchmarkTest02518
[skip] BenchmarkTest02529
[skip] BenchmarkTest02610
[skip] BenchmarkTest02659
[skip] BenchmarkTest02662
[cell timing] profile=gpt_oss_20b gold=FP wall=1.7s ran=0 skipped=50
🦥 Unsloth: Will patch your computer to enable 2x faster free finetuning.
Unsloth: Your Flash Attention 2 installation seems to be broken. Using Xformers instead. No performance changes will be seen.
🦥 Unsloth Zoo will now patch everything to make training faster!
🦥 Unsloth: Will patch your computer to enable 2x faster free finetuning.
Unsloth: Your Flash Attention 2 installation seems to be broken. Using Xformers instead. No performance changes will be seen.
🦥 Unsloth Zoo will now patch everything to make training faster!
[phase1] GPU cleanup after benchmark/phase1_logs/FP_gpt_oss_20b_thinking_on.log
done: fixed=0 still_failed=0
TP   on   qwen3_4b_bnb                    50       1.7s       0.0s         —
TP   on   qwen3_8b_bnb                    50       1.7s       0.0s         —
TP   on   qwen3_14b_bnb                   50       1.7s       0.0s         —
--- 2026-05-22T19:19:32+00:00 TP gpt_oss_20b thinking=on (0/50) ---
🦥 Unsloth: Will patch your computer to enable 2x faster free finetuning.
Unsloth: Your Flash Attention 2 installation seems to be broken. Using Xformers instead. No performance changes will be seen.
🦥 Unsloth Zoo will now patch everything to make training faster!
[phase1] GPU cleanup after benchmark/phase1_logs/phase1_master.log
[phase1] tokens thinking=on seq=32768 new=2048 profile=gpt_oss_20b
[batch] in-process mode: load model once for profile='gpt_oss_20b' (50 cases)
[batch] prebuilding task.md for all cases (CPU, no model load)...
[task] BenchmarkTest00024 built
[task] BenchmarkTest00173 built
[task] BenchmarkTest00218 built
[task] BenchmarkTest00237 built
[task] BenchmarkTest00303 built
[task] BenchmarkTest00441 built
[task] BenchmarkTest00453 built
[task] BenchmarkTest00497 built
[task] BenchmarkTest00498 built
[task] BenchmarkTest00528 built
[task] BenchmarkTest00560 built
[task] BenchmarkTest00610 built
[task] BenchmarkTest00903 built
[task] BenchmarkTest00981 built
[task] BenchmarkTest01017 built
[task] BenchmarkTest01029 built
[task] BenchmarkTest01107 built
[task] BenchmarkTest01230 built
[task] BenchmarkTest01318 built
[task] BenchmarkTest01329 built
[task] BenchmarkTest01358 built
[task] BenchmarkTest01363 built
[task] BenchmarkTest01398 built
[task] BenchmarkTest01441 built
[task] BenchmarkTest01495 built
[task] BenchmarkTest01609 built
[task] BenchmarkTest01610 built
[task] BenchmarkTest01675 built
[task] BenchmarkTest01718 built
[task] BenchmarkTest01728 built
[task] BenchmarkTest01740 built
[task] BenchmarkTest01789 built
[task] BenchmarkTest01858 built
[task] BenchmarkTest01983 built
[task] BenchmarkTest01987 built
[task] BenchmarkTest01992 built
[task] BenchmarkTest02039 built
[task] BenchmarkTest02099 built
[task] BenchmarkTest02137 built
[task] BenchmarkTest02154 built
[task] BenchmarkTest02155 built
[task] BenchmarkTest02182 built
[task] BenchmarkTest02281 built
[task] BenchmarkTest02400 built
[task] BenchmarkTest02446 built
[task] BenchmarkTest02515 built
[task] BenchmarkTest02517 built
[task] BenchmarkTest02635 built
[task] BenchmarkTest02709 built
[task] BenchmarkTest02710 built
[prebuild] built=50 cached=0 failed=0 total=50
/home/ec2-user/Projects/SAST/core/gemma3_unsloth_backend.py:10: UserWarning: WARNING: Unsloth should be imported before [transformers] to ensure all optimizations are applied. Your code may run slower or encounter memory issues without these optimizations.

Please restructure your imports with 'import unsloth' at the top of your file.
  import unsloth  # noqa: F401
[skip] BenchmarkTest00024
[skip] BenchmarkTest00173
[skip] BenchmarkTest00218
[skip] BenchmarkTest00237
[skip] BenchmarkTest00303
[skip] BenchmarkTest00441
[skip] BenchmarkTest00453
[skip] BenchmarkTest00497
[skip] BenchmarkTest00498
[skip] BenchmarkTest00528
[skip] BenchmarkTest00560
[skip] BenchmarkTest00610
[skip] BenchmarkTest00903
[skip] BenchmarkTest00981
[skip] BenchmarkTest01017
[skip] BenchmarkTest01029
[skip] BenchmarkTest01107
[skip] BenchmarkTest01230
[skip] BenchmarkTest01318
[skip] BenchmarkTest01329
[skip] BenchmarkTest01358
[skip] BenchmarkTest01363
[skip] BenchmarkTest01398
[skip] BenchmarkTest01441
[skip] BenchmarkTest01495
[skip] BenchmarkTest01609
[skip] BenchmarkTest01610
[skip] BenchmarkTest01675
[skip] BenchmarkTest01718
[skip] BenchmarkTest01728
[skip] BenchmarkTest01740
[skip] BenchmarkTest01789
[skip] BenchmarkTest01858
[skip] BenchmarkTest01983
[skip] BenchmarkTest01987
[skip] BenchmarkTest01992
[skip] BenchmarkTest02039
[skip] BenchmarkTest02099
[skip] BenchmarkTest02137
[skip] BenchmarkTest02154
[skip] BenchmarkTest02155
[skip] BenchmarkTest02182
[skip] BenchmarkTest02281
[skip] BenchmarkTest02400
[skip] BenchmarkTest02446
[skip] BenchmarkTest02515
[skip] BenchmarkTest02517
[skip] BenchmarkTest02635
[skip] BenchmarkTest02709
[skip] BenchmarkTest02710
[cell timing] profile=gpt_oss_20b gold=TP wall=1.7s ran=0 skipped=50
🦥 Unsloth: Will patch your computer to enable 2x faster free finetuning.
Unsloth: Your Flash Attention 2 installation seems to be broken. Using Xformers instead. No performance changes will be seen.
🦥 Unsloth Zoo will now patch everything to make training faster!
🦥 Unsloth: Will patch your computer to enable 2x faster free finetuning.
Unsloth: Your Flash Attention 2 installation seems to be broken. Using Xformers instead. No performance changes will be seen.
🦥 Unsloth Zoo will now patch everything to make training faster!
[phase1] GPU cleanup after benchmark/phase1_logs/TP_gpt_oss_20b_thinking_on.log
done: fixed=0 still_failed=0
TP   on   qwen3_8b_bnb                    50       1.7s       0.0s         —
TP   on   qwen3_14b_bnb                   50       1.7s       0.0s         —
TP   on   gpt_oss_20b                     50       1.7s       0.0s         —
--- 2026-05-22T19:20:04+00:00 FP qwen3_coder_30b_bnb thinking=on (0/50) ---
🦥 Unsloth: Will patch your computer to enable 2x faster free finetuning.
Unsloth: Your Flash Attention 2 installation seems to be broken. Using Xformers instead. No performance changes will be seen.
🦥 Unsloth Zoo will now patch everything to make training faster!
